// Jest Snapshot v1, https://goo.gl/fbAQLP

exports[`Chart snapshot tests it should mount empty chart component 1`] = `
<Chart
  chartOptions={
    Object {
      "chart": Object {
        "type": "column",
      },
      "legend": Object {
        "align": "right",
        "floating": true,
        "shadow": false,
        "verticalAlign": "top",
        "x": -30,
        "y": -10,
      },
      "plotOptions": Object {
        "column": Object {
          "stacking": "normal",
        },
      },
      "series": Array [
        Object {
          "_colorIndex": 0,
          "data": Array [],
          "name": "Journal Article",
        },
        Object {
          "_colorIndex": 1,
          "data": Array [],
          "name": "Conference Paper",
        },
        Object {
          "_colorIndex": 2,
          "data": Array [],
          "name": "Book Chapter",
        },
        Object {
          "_colorIndex": 3,
          "data": Array [],
          "name": "Book",
        },
        Object {
          "_colorIndex": 4,
          "data": Array [],
          "name": "Other",
        },
      ],
      "title": Object {
        "text": null,
      },
      "tooltip": Object {},
      "xAxis": Object {
        "categories": Array [],
        "labels": Object {
          "rotation": -45,
          "y": 18,
        },
      },
      "yAxis": Object {
        "min": 0,
        "stackLabels": Object {
          "enabled": true,
        },
        "title": Object {
          "text": "Title",
        },
      },
    }
  }
>
  <div />
</Chart>
`;
