// Jest Snapshot v1, https://goo.gl/fbAQLP

exports[`Snapshot tests for StandardRighthandCard component renders StandardRighthandCard with title and help button 1`] = `
<div
  className="StandardRighthandCard"
>
  <div
    className="columns is-gapless is-mobile facetsTitle"
  >
    <div
      className="column"
    >
      <h2
        className="title is-5"
      >
        Title
      </h2>
    </div>
    <div
      className="column is-narrow is-helpicon"
    >
      <Connect(HelpIcon)
        buttonLabel="OK"
        text="Some help text"
        title="Help text"
      />
    </div>
  </div>
</div>
`;

exports[`Snapshot tests for StandardRighthandCard component renders StandardRighthandCard with title and help button and some content 1`] = `
<div
  className="StandardRighthandCard"
>
  <div
    className="columns is-gapless is-mobile facetsTitle"
  >
    <div
      className="column"
    >
      <h2
        className="title is-5"
      >
        Title
      </h2>
    </div>
    <div
      className="column is-narrow is-helpicon"
    >
      <Connect(HelpIcon)
        buttonLabel="OK"
        text="Some help text"
        title="Help text"
      />
    </div>
  </div>
  Some content
</div>
`;

exports[`Snapshot tests for StandardRighthandCard component renders StandardRighthandCard with title and no help icon 1`] = `
<div
  className="StandardRighthandCard"
>
  <div
    className="columns is-gapless is-mobile facetsTitle"
  >
    <div
      className="column"
    >
      <h2
        className="title is-5"
      >
        card title
      </h2>
    </div>
  </div>
</div>
`;
