// Jest Snapshot v1, https://goo.gl/fbAQLP

exports[`AsyncAutoCompleteSelectWrapper snapshots tests renders asyncautocomplete field 1`] = `
<div
  className="flex column"
>
  <div
    style={
      Object {
        "position": "relative",
        "width": "100%",
      }
    }
  >
    <AsyncAutoCompleteSelect
      debounceDuration={300}
      disabled={false}
      emptySearchText="Start typing to filter data..."
      error={false}
      filterItems={[Function]}
      label="Owner"
      labelField="name"
      minLength={3}
      name="owner"
      noResultsText="No results found with those search details"
      onBlur={null}
      onTouchTap={null}
      popoverFloatingLabelText="Start typing to filter"
      value={Object {}}
    />
  </div>
</div>
`;
