// Jest Snapshot v1, https://goo.gl/fbAQLP

exports[`HelpDrawer snapshots tests renders menu 1`] = `
<Drawer
  containerClassName="help-drawer flex"
  disableSwipeToOpen={true}
  docked={false}
  onRequestChange={[Function]}
  open={true}
  openSecondary={true}
  swipeAreaWidth={30}
  width={380}
  zDepth={2}
>
  <div
    className="layout-fill side-drawer column align-stretch"
  >
    <div
      className="flex column content"
    >
      <h1
        className="headline"
      >
        HelpDrawer Title
      </h1>
      <Divider
        inset={false}
      />
      <div
        className="subhead"
      >
        Integer mattis rutrum velit nec posuere. Quisque rhoncus quam elit, eu tincidunt diam feugiat eu. Quisque luctus luctus mauris faucibus ornare. Ut eu metus vitae est euismod gravida ac vel augue. Duis sapien massa, tempor id vulputate nec, auctor nec augue. Donec ullamcorper dignissim metus at vulputate. Mauris non magna enim. Quisque gravida libero augue, efficitur vestibulum leo porttitor id. Etiam quis nisi vehicula, eleifend turpis ut, accumsan nisi. Nam nec nibh auctor, placerat ex vel, rhoncus risus. In fermentum ex sit amet augue molestie sodales. Sed eleifend convallis dui id euismod. Nam eu turpis non mi facilisis euismod. Morbi congue et lectus sed tempus. Interdum et malesuada fames ac ante ipsum primis in faucibus.
      </div>
    </div>
    <div
      className="row justify-end layout-padding"
    >
      <RaisedButton
        disabled={false}
        fullWidth={false}
        label="Close"
        labelPosition="after"
        onTouchTap={[Function]}
        primary={false}
        secondary={true}
      />
    </div>
  </div>
</Drawer>
`;
