// Jest Snapshot v1, https://goo.gl/fbAQLP

exports[`Checkbox snapshots tests renders Checkbox component 1`] = `
<div
  className={Object {}}
  style={
    Object {
      "position": "relative",
      "width": "100%",
    }
  }
>
  <Checkbox
    disabled={false}
    label="This is a test checkbox component"
    labelPosition="right"
    onCheck={[Function]}
  />
</div>
`;
