// Jest Snapshot v1, https://goo.gl/fbAQLP

exports[`PartialDateForm snapshots tests renders PartialDateForm component 1`] = `
<div
  className="columns is-gapless-mobile"
>
  <div
    className="column"
  >
    <TextField
      className=""
      disabled={false}
      floatingLabelFixed={true}
      floatingLabelText="Day"
      fullWidth={true}
      maxLength="2"
      multiLine={false}
      name="day"
      onChange={[Function]}
      onKeyPress={[Function]}
      rows={1}
      style={
        Object {
          "marginTop": "12px",
        }
      }
      type="text"
      underlineShow={true}
    />
  </div>
  <div
    className="column"
  >
    <SelectField
      autoWidth={false}
      className=""
      disabled={false}
      dropDownMenuProps={
        Object {
          "animated": false,
        }
      }
      floatingLabelFixed={true}
      floatingLabelText="Month"
      fullWidth={true}
      multiple={false}
      name="month"
      onChange={[Function]}
      style={
        Object {
          "marginTop": "12px",
        }
      }
      value={null}
    >
      <MenuItem
        anchorOrigin={
          Object {
            "horizontal": "right",
            "vertical": "top",
          }
        }
        checked={false}
        desktop={false}
        disabled={false}
        focusState="none"
        insetChildren={false}
        key="-1"
        primaryText=""
        targetOrigin={
          Object {
            "horizontal": "left",
            "vertical": "top",
          }
        }
        value={-1}
      />
      <MenuItem
        anchorOrigin={
          Object {
            "horizontal": "right",
            "vertical": "top",
          }
        }
        checked={false}
        desktop={false}
        disabled={false}
        focusState="none"
        insetChildren={false}
        key="0"
        primaryText="January"
        targetOrigin={
          Object {
            "horizontal": "left",
            "vertical": "top",
          }
        }
        value={0}
      />
      <MenuItem
        anchorOrigin={
          Object {
            "horizontal": "right",
            "vertical": "top",
          }
        }
        checked={false}
        desktop={false}
        disabled={false}
        focusState="none"
        insetChildren={false}
        key="1"
        primaryText="February"
        targetOrigin={
          Object {
            "horizontal": "left",
            "vertical": "top",
          }
        }
        value={1}
      />
      <MenuItem
        anchorOrigin={
          Object {
            "horizontal": "right",
            "vertical": "top",
          }
        }
        checked={false}
        desktop={false}
        disabled={false}
        focusState="none"
        insetChildren={false}
        key="2"
        primaryText="March"
        targetOrigin={
          Object {
            "horizontal": "left",
            "vertical": "top",
          }
        }
        value={2}
      />
      <MenuItem
        anchorOrigin={
          Object {
            "horizontal": "right",
            "vertical": "top",
          }
        }
        checked={false}
        desktop={false}
        disabled={false}
        focusState="none"
        insetChildren={false}
        key="3"
        primaryText="April"
        targetOrigin={
          Object {
            "horizontal": "left",
            "vertical": "top",
          }
        }
        value={3}
      />
      <MenuItem
        anchorOrigin={
          Object {
            "horizontal": "right",
            "vertical": "top",
          }
        }
        checked={false}
        desktop={false}
        disabled={false}
        focusState="none"
        insetChildren={false}
        key="4"
        primaryText="May"
        targetOrigin={
          Object {
            "horizontal": "left",
            "vertical": "top",
          }
        }
        value={4}
      />
      <MenuItem
        anchorOrigin={
          Object {
            "horizontal": "right",
            "vertical": "top",
          }
        }
        checked={false}
        desktop={false}
        disabled={false}
        focusState="none"
        insetChildren={false}
        key="5"
        primaryText="June"
        targetOrigin={
          Object {
            "horizontal": "left",
            "vertical": "top",
          }
        }
        value={5}
      />
      <MenuItem
        anchorOrigin={
          Object {
            "horizontal": "right",
            "vertical": "top",
          }
        }
        checked={false}
        desktop={false}
        disabled={false}
        focusState="none"
        insetChildren={false}
        key="6"
        primaryText="July"
        targetOrigin={
          Object {
            "horizontal": "left",
            "vertical": "top",
          }
        }
        value={6}
      />
      <MenuItem
        anchorOrigin={
          Object {
            "horizontal": "right",
            "vertical": "top",
          }
        }
        checked={false}
        desktop={false}
        disabled={false}
        focusState="none"
        insetChildren={false}
        key="7"
        primaryText="August"
        targetOrigin={
          Object {
            "horizontal": "left",
            "vertical": "top",
          }
        }
        value={7}
      />
      <MenuItem
        anchorOrigin={
          Object {
            "horizontal": "right",
            "vertical": "top",
          }
        }
        checked={false}
        desktop={false}
        disabled={false}
        focusState="none"
        insetChildren={false}
        key="8"
        primaryText="September"
        targetOrigin={
          Object {
            "horizontal": "left",
            "vertical": "top",
          }
        }
        value={8}
      />
      <MenuItem
        anchorOrigin={
          Object {
            "horizontal": "right",
            "vertical": "top",
          }
        }
        checked={false}
        desktop={false}
        disabled={false}
        focusState="none"
        insetChildren={false}
        key="9"
        primaryText="October"
        targetOrigin={
          Object {
            "horizontal": "left",
            "vertical": "top",
          }
        }
        value={9}
      />
      <MenuItem
        anchorOrigin={
          Object {
            "horizontal": "right",
            "vertical": "top",
          }
        }
        checked={false}
        desktop={false}
        disabled={false}
        focusState="none"
        insetChildren={false}
        key="10"
        primaryText="November"
        targetOrigin={
          Object {
            "horizontal": "left",
            "vertical": "top",
          }
        }
        value={10}
      />
      <MenuItem
        anchorOrigin={
          Object {
            "horizontal": "right",
            "vertical": "top",
          }
        }
        checked={false}
        desktop={false}
        disabled={false}
        focusState="none"
        insetChildren={false}
        key="11"
        primaryText="December"
        targetOrigin={
          Object {
            "horizontal": "left",
            "vertical": "top",
          }
        }
        value={11}
      />
    </SelectField>
  </div>
  <div
    className="column"
  >
    <TextField
      disabled={false}
      floatingLabelFixed={true}
      floatingLabelText="Year"
      fullWidth={true}
      maxLength="4"
      multiLine={false}
      name="year"
      onBlur={[Function]}
      onChange={[Function]}
      onKeyPress={[Function]}
      rows={1}
      style={
        Object {
          "marginTop": "12px",
        }
      }
      type="text"
      underlineShow={true}
    />
  </div>
</div>
`;

exports[`PartialDateForm snapshots tests renders PartialDateForm component 2 1`] = `
<div
  className="columns is-gapless-mobile"
>
  <div
    className="column"
  >
    <TextField
      className=""
      disabled={false}
      floatingLabelFixed={true}
      floatingLabelText="Day"
      fullWidth={true}
      maxLength="2"
      multiLine={false}
      name="day"
      onChange={[Function]}
      onKeyPress={[Function]}
      rows={1}
      style={
        Object {
          "marginTop": "12px",
        }
      }
      type="text"
      underlineShow={true}
    />
  </div>
  <div
    className="column"
  >
    <SelectField
      autoWidth={false}
      className=""
      disabled={false}
      dropDownMenuProps={
        Object {
          "animated": false,
        }
      }
      floatingLabelFixed={true}
      floatingLabelText="Month"
      fullWidth={true}
      multiple={false}
      name="month"
      onChange={[Function]}
      style={
        Object {
          "marginTop": "12px",
        }
      }
      value={null}
    >
      <MenuItem
        anchorOrigin={
          Object {
            "horizontal": "right",
            "vertical": "top",
          }
        }
        checked={false}
        desktop={false}
        disabled={false}
        focusState="none"
        insetChildren={false}
        key="-1"
        primaryText=""
        targetOrigin={
          Object {
            "horizontal": "left",
            "vertical": "top",
          }
        }
        value={-1}
      />
      <MenuItem
        anchorOrigin={
          Object {
            "horizontal": "right",
            "vertical": "top",
          }
        }
        checked={false}
        desktop={false}
        disabled={false}
        focusState="none"
        insetChildren={false}
        key="0"
        primaryText="January"
        targetOrigin={
          Object {
            "horizontal": "left",
            "vertical": "top",
          }
        }
        value={0}
      />
      <MenuItem
        anchorOrigin={
          Object {
            "horizontal": "right",
            "vertical": "top",
          }
        }
        checked={false}
        desktop={false}
        disabled={false}
        focusState="none"
        insetChildren={false}
        key="1"
        primaryText="February"
        targetOrigin={
          Object {
            "horizontal": "left",
            "vertical": "top",
          }
        }
        value={1}
      />
      <MenuItem
        anchorOrigin={
          Object {
            "horizontal": "right",
            "vertical": "top",
          }
        }
        checked={false}
        desktop={false}
        disabled={false}
        focusState="none"
        insetChildren={false}
        key="2"
        primaryText="March"
        targetOrigin={
          Object {
            "horizontal": "left",
            "vertical": "top",
          }
        }
        value={2}
      />
      <MenuItem
        anchorOrigin={
          Object {
            "horizontal": "right",
            "vertical": "top",
          }
        }
        checked={false}
        desktop={false}
        disabled={false}
        focusState="none"
        insetChildren={false}
        key="3"
        primaryText="April"
        targetOrigin={
          Object {
            "horizontal": "left",
            "vertical": "top",
          }
        }
        value={3}
      />
      <MenuItem
        anchorOrigin={
          Object {
            "horizontal": "right",
            "vertical": "top",
          }
        }
        checked={false}
        desktop={false}
        disabled={false}
        focusState="none"
        insetChildren={false}
        key="4"
        primaryText="May"
        targetOrigin={
          Object {
            "horizontal": "left",
            "vertical": "top",
          }
        }
        value={4}
      />
      <MenuItem
        anchorOrigin={
          Object {
            "horizontal": "right",
            "vertical": "top",
          }
        }
        checked={false}
        desktop={false}
        disabled={false}
        focusState="none"
        insetChildren={false}
        key="5"
        primaryText="June"
        targetOrigin={
          Object {
            "horizontal": "left",
            "vertical": "top",
          }
        }
        value={5}
      />
      <MenuItem
        anchorOrigin={
          Object {
            "horizontal": "right",
            "vertical": "top",
          }
        }
        checked={false}
        desktop={false}
        disabled={false}
        focusState="none"
        insetChildren={false}
        key="6"
        primaryText="July"
        targetOrigin={
          Object {
            "horizontal": "left",
            "vertical": "top",
          }
        }
        value={6}
      />
      <MenuItem
        anchorOrigin={
          Object {
            "horizontal": "right",
            "vertical": "top",
          }
        }
        checked={false}
        desktop={false}
        disabled={false}
        focusState="none"
        insetChildren={false}
        key="7"
        primaryText="August"
        targetOrigin={
          Object {
            "horizontal": "left",
            "vertical": "top",
          }
        }
        value={7}
      />
      <MenuItem
        anchorOrigin={
          Object {
            "horizontal": "right",
            "vertical": "top",
          }
        }
        checked={false}
        desktop={false}
        disabled={false}
        focusState="none"
        insetChildren={false}
        key="8"
        primaryText="September"
        targetOrigin={
          Object {
            "horizontal": "left",
            "vertical": "top",
          }
        }
        value={8}
      />
      <MenuItem
        anchorOrigin={
          Object {
            "horizontal": "right",
            "vertical": "top",
          }
        }
        checked={false}
        desktop={false}
        disabled={false}
        focusState="none"
        insetChildren={false}
        key="9"
        primaryText="October"
        targetOrigin={
          Object {
            "horizontal": "left",
            "vertical": "top",
          }
        }
        value={9}
      />
      <MenuItem
        anchorOrigin={
          Object {
            "horizontal": "right",
            "vertical": "top",
          }
        }
        checked={false}
        desktop={false}
        disabled={false}
        focusState="none"
        insetChildren={false}
        key="10"
        primaryText="November"
        targetOrigin={
          Object {
            "horizontal": "left",
            "vertical": "top",
          }
        }
        value={10}
      />
      <MenuItem
        anchorOrigin={
          Object {
            "horizontal": "right",
            "vertical": "top",
          }
        }
        checked={false}
        desktop={false}
        disabled={false}
        focusState="none"
        insetChildren={false}
        key="11"
        primaryText="December"
        targetOrigin={
          Object {
            "horizontal": "left",
            "vertical": "top",
          }
        }
        value={11}
      />
    </SelectField>
  </div>
  <div
    className="column"
  >
    <TextField
      className="requiredField"
      disabled={false}
      floatingLabelFixed={true}
      floatingLabelText="Year"
      fullWidth={true}
      maxLength="4"
      multiLine={false}
      name="year"
      onBlur={[Function]}
      onChange={[Function]}
      onKeyPress={[Function]}
      rows={1}
      style={
        Object {
          "marginTop": "12px",
        }
      }
      type="text"
      underlineShow={true}
    />
  </div>
</div>
`;

exports[`PartialDateForm snapshots tests renders PartialDateForm component 3 1`] = `
<div
  className="columns is-gapless-mobile"
>
  <div
    className="column"
  >
    <TextField
      className="requiredField"
      disabled={false}
      floatingLabelFixed={true}
      floatingLabelText="Day"
      fullWidth={true}
      maxLength="2"
      multiLine={false}
      name="day"
      onBlur={[Function]}
      onChange={[Function]}
      onKeyPress={[Function]}
      rows={1}
      style={
        Object {
          "marginTop": "12px",
        }
      }
      type="text"
      underlineShow={true}
    />
  </div>
  <div
    className="column"
  >
    <SelectField
      autoWidth={false}
      className="requiredField"
      disabled={false}
      dropDownMenuProps={
        Object {
          "animated": false,
        }
      }
      floatingLabelFixed={true}
      floatingLabelText="Month"
      fullWidth={true}
      multiple={false}
      name="month"
      onChange={[Function]}
      style={
        Object {
          "marginTop": "12px",
        }
      }
      value={null}
    >
      <MenuItem
        anchorOrigin={
          Object {
            "horizontal": "right",
            "vertical": "top",
          }
        }
        checked={false}
        desktop={false}
        disabled={false}
        focusState="none"
        insetChildren={false}
        key="-1"
        primaryText=""
        targetOrigin={
          Object {
            "horizontal": "left",
            "vertical": "top",
          }
        }
        value={-1}
      />
      <MenuItem
        anchorOrigin={
          Object {
            "horizontal": "right",
            "vertical": "top",
          }
        }
        checked={false}
        desktop={false}
        disabled={false}
        focusState="none"
        insetChildren={false}
        key="0"
        primaryText="January"
        targetOrigin={
          Object {
            "horizontal": "left",
            "vertical": "top",
          }
        }
        value={0}
      />
      <MenuItem
        anchorOrigin={
          Object {
            "horizontal": "right",
            "vertical": "top",
          }
        }
        checked={false}
        desktop={false}
        disabled={false}
        focusState="none"
        insetChildren={false}
        key="1"
        primaryText="February"
        targetOrigin={
          Object {
            "horizontal": "left",
            "vertical": "top",
          }
        }
        value={1}
      />
      <MenuItem
        anchorOrigin={
          Object {
            "horizontal": "right",
            "vertical": "top",
          }
        }
        checked={false}
        desktop={false}
        disabled={false}
        focusState="none"
        insetChildren={false}
        key="2"
        primaryText="March"
        targetOrigin={
          Object {
            "horizontal": "left",
            "vertical": "top",
          }
        }
        value={2}
      />
      <MenuItem
        anchorOrigin={
          Object {
            "horizontal": "right",
            "vertical": "top",
          }
        }
        checked={false}
        desktop={false}
        disabled={false}
        focusState="none"
        insetChildren={false}
        key="3"
        primaryText="April"
        targetOrigin={
          Object {
            "horizontal": "left",
            "vertical": "top",
          }
        }
        value={3}
      />
      <MenuItem
        anchorOrigin={
          Object {
            "horizontal": "right",
            "vertical": "top",
          }
        }
        checked={false}
        desktop={false}
        disabled={false}
        focusState="none"
        insetChildren={false}
        key="4"
        primaryText="May"
        targetOrigin={
          Object {
            "horizontal": "left",
            "vertical": "top",
          }
        }
        value={4}
      />
      <MenuItem
        anchorOrigin={
          Object {
            "horizontal": "right",
            "vertical": "top",
          }
        }
        checked={false}
        desktop={false}
        disabled={false}
        focusState="none"
        insetChildren={false}
        key="5"
        primaryText="June"
        targetOrigin={
          Object {
            "horizontal": "left",
            "vertical": "top",
          }
        }
        value={5}
      />
      <MenuItem
        anchorOrigin={
          Object {
            "horizontal": "right",
            "vertical": "top",
          }
        }
        checked={false}
        desktop={false}
        disabled={false}
        focusState="none"
        insetChildren={false}
        key="6"
        primaryText="July"
        targetOrigin={
          Object {
            "horizontal": "left",
            "vertical": "top",
          }
        }
        value={6}
      />
      <MenuItem
        anchorOrigin={
          Object {
            "horizontal": "right",
            "vertical": "top",
          }
        }
        checked={false}
        desktop={false}
        disabled={false}
        focusState="none"
        insetChildren={false}
        key="7"
        primaryText="August"
        targetOrigin={
          Object {
            "horizontal": "left",
            "vertical": "top",
          }
        }
        value={7}
      />
      <MenuItem
        anchorOrigin={
          Object {
            "horizontal": "right",
            "vertical": "top",
          }
        }
        checked={false}
        desktop={false}
        disabled={false}
        focusState="none"
        insetChildren={false}
        key="8"
        primaryText="September"
        targetOrigin={
          Object {
            "horizontal": "left",
            "vertical": "top",
          }
        }
        value={8}
      />
      <MenuItem
        anchorOrigin={
          Object {
            "horizontal": "right",
            "vertical": "top",
          }
        }
        checked={false}
        desktop={false}
        disabled={false}
        focusState="none"
        insetChildren={false}
        key="9"
        primaryText="October"
        targetOrigin={
          Object {
            "horizontal": "left",
            "vertical": "top",
          }
        }
        value={9}
      />
      <MenuItem
        anchorOrigin={
          Object {
            "horizontal": "right",
            "vertical": "top",
          }
        }
        checked={false}
        desktop={false}
        disabled={false}
        focusState="none"
        insetChildren={false}
        key="10"
        primaryText="November"
        targetOrigin={
          Object {
            "horizontal": "left",
            "vertical": "top",
          }
        }
        value={10}
      />
      <MenuItem
        anchorOrigin={
          Object {
            "horizontal": "right",
            "vertical": "top",
          }
        }
        checked={false}
        desktop={false}
        disabled={false}
        focusState="none"
        insetChildren={false}
        key="11"
        primaryText="December"
        targetOrigin={
          Object {
            "horizontal": "left",
            "vertical": "top",
          }
        }
        value={11}
      />
    </SelectField>
  </div>
  <div
    className="column"
  >
    <TextField
      className="requiredField"
      disabled={false}
      floatingLabelFixed={true}
      floatingLabelText="Year"
      fullWidth={true}
      maxLength="4"
      multiLine={false}
      name="year"
      onBlur={[Function]}
      onChange={[Function]}
      onKeyPress={[Function]}
      rows={1}
      style={
        Object {
          "marginTop": "12px",
        }
      }
      type="text"
      underlineShow={true}
    />
  </div>
</div>
`;
